The ship glides gently on the waves
As day turns into nightThe ship glides gently on the waves
As day turns into night
One thousand burning arrows

Fill the starlit sky

Make a commit.
